<html>
<body>
<pre>
<h1>µVision Build Log</h1>
<h2>Tool Versions:</h2>
IDE-Version: µVision V5.39.0.0
Copyright (C) 2023 ARM Ltd and ARM Germany GmbH. All rights reserved.
License Information: Shubham Samal, -, LIC=----
 
Tool Versions:
Toolchain:       MDK-Lite  Version: 5.39.0.0
Toolchain Path:  C:\Keil_v5\ARM\ARMCLANG\Bin
C Compiler:      ArmClang.exe V6.21
Assembler:       Armasm.exe V6.21
Linker/Locator:  ArmLink.exe V6.21
Library Manager: ArmAr.exe V6.21
Hex Converter:   FromElf.exe V6.21
CPU DLL:         SARMCM3.DLL V5.39.0.0
Dialog DLL:      DCM.DLL V1.17.5.0
Target DLL:      UL2CM3.DLL V1.164.9.0
Dialog DLL:      TCM.DLL V1.56.4.0
 
<h2>Project:</h2>
A:\STM32F407-Keil-RCC\ADC-single-channel\adc-single-channel.uvprojx
Project File Date:  03/19/2024

<h2>Output:</h2>
*** Using Compiler 'V6.21', folder: 'C:\Keil_v5\ARM\ARMCLANG\Bin'
Build target 'Target 1'
compiling RCCconfig.c...
main.c(72): warning: implicit conversion changes signedness: 'int' to 'uint32_t' (aka 'unsigned int') [-Wsign-conversion]
   72 |         ADC1->CR1 &= ~(1<<24);   // 12 bit RES
      |                   ~~ ^~~~~~~~
main.c(77): warning: implicit conversion changes signedness: 'int' to 'uint32_t' (aka 'unsigned int') [-Wsign-conversion]
   77 |         ADC1->CR2 &= ~(1<<11);   // Data Alignment RIGHT
      |                   ~~ ^~~~~~~~
main.c(80): warning: implicit conversion changes signedness: 'int' to 'uint32_t' (aka 'unsigned int') [-Wsign-conversion]
   80 |         ADC1->SMPR2 &= ~((1<<3));  // Sampling time of 3 cycles for channel 1 
      |                     ~~ ^~~~~~~~~
main.c(101): warning: mixing declarations and code is incompatible with standards before C99 [-Wdeclaration-after-statement]
  101 |         uint32_t delay = 10000;
      |                  ^
main.c(119): warning: implicit conversion changes signedness: 'int' to 'uint32_t' (aka 'unsigned int') [-Wsign-conversion]
  119 |         ADC1->SQR3 |= (channel<<0);    // conversion in regular sequence
      |                    ~~  ~~~~~~~^~~
main.c(127): warning: no previous prototype for function 'ADC_WaitForConv' [-Wmissing-prototypes]
  127 | void ADC_WaitForConv (void)
      |      ^
main.c(127): note: declare 'static' if the function is not intended to be used outside of this translation unit
  127 | void ADC_WaitForConv (void)
      | ^
      | static 
main.c(137): warning: implicit conversion loses integer precision: 'volatile uint32_t' (aka 'volatile unsigned int') to 'uint16_t' (aka 'unsigned short') [-Wimplicit-int-conversion]
  137 |         return ADC1->DR;  // Read the Data Register
      |         ~~~~~~ ~~~~~~^~
main.c(135): warning: no previous prototype for function 'ADC_GetVal' [-Wmissing-prototypes]
  135 | uint16_t ADC_GetVal (void)
      |          ^
main.c(135): note: declare 'static' if the function is not intended to be used outside of this translation unit
  135 | uint16_t ADC_GetVal (void)
      | ^
      | static 
main.c(145): warning: implicit conversion changes signedness: 'int' to 'uint32_t' (aka 'unsigned int') [-Wsign-conversion]
  145 |         ADC1->CR2 &= ~(1<<0);  // Disable ADC
      |                   ~~ ^~~~~~~
main.c(140): warning: no previous prototype for function 'ADC_Disable' [-Wmissing-prototypes]
  140 | void ADC_Disable (void)
      |      ^
main.c(140): note: declare 'static' if the function is not intended to be used outside of this translation unit
  140 | void ADC_Disable (void)
      | ^
      | static 
main.c(149): warning: no previous extern declaration for non-static variable 'ADC_VAL' [-Wmissing-variable-declarations]
  149 | uint16_t ADC_VAL[2] = {0,0};
      |          ^
main.c(149): note: declare 'static' if the variable is not intended to be used outside of this translation unit
  149 | uint16_t ADC_VAL[2] = {0,0};
      | ^
main.c(153): warning: a function declaration without a prototype is deprecated in all versions of C [-Wstrict-prototypes]
  153 | int main ()
      |          ^
      |           void
12 warnings generated.
compiling main.c...
linking...
Program Size: Code=996 RO-data=408 RW-data=0 ZI-data=1640  
".\Objects\adc-single-channel.axf" - 0 Error(s), 12 Warning(s).

<h2>Software Packages used:</h2>

Package Vendor: ARM
                https://www.keil.com/pack/ARM.CMSIS.6.0.0.pack
                ARM::CMSIS@6.0.0
                CMSIS (Common Microcontroller Software Interface Standard)
   * Component: CORE Version: 6.0.0

Package Vendor: Keil
                https://www.keil.com/pack/Keil.STM32F4xx_DFP.2.17.1.pack
                Keil::STM32F4xx_DFP@2.17.1
                STMicroelectronics STM32F4 Series Device Support, Drivers and Examples
   * Component: STM32Cube Framework Version: 1.0.0
   * Component: Classic Version: 1.8.1
   * Component: Common Version: 1.8.1
   * Component: Cortex Version: 1.8.1
   * Component: GPIO Version: 1.8.1
   * Component: PWR Version: 1.8.1
   * Component: RCC Version: 1.8.1
   * Component: Startup Version: 2.6.3

<h2>Collection of Component include folders:</h2>
  ./RTE/Device/STM32F407VGTx
  ./RTE/_Target_1
  C:/Users/Shubham/AppData/Local/Arm/Packs/ARM/CMSIS/6.0.0/CMSIS/Core/Include
  C:/Users/Shubham/AppData/Local/Arm/Packs/Keil/STM32F4xx_DFP/2.17.1/Drivers/CMSIS/Device/ST/STM32F4xx/Include
  C:/Users/Shubham/AppData/Local/Arm/Packs/Keil/STM32F4xx_DFP/2.17.1/Drivers/STM32F4xx_HAL_Driver/Inc

<h2>Collection of Component Files used:</h2>

   * Component: ::Device:STM32Cube Framework(API)@1.0.0

   * Component: ARM::CMSIS:CORE@6.0.0

   * Component: Keil::Device:STM32Cube Framework:Classic@1.8.1
      Source file:   MDK/Templates/Src/stm32f4xx_hal_msp.c
      Include file:  CMSIS/Driver/Config/RTE_Device.h
      Source file:   MDK/Templates/Src/stm32f4xx_it.c
      Include file:  MDK/Templates/Inc/main.h
      Include file:  MDK/Templates/Inc/stm32f4xx_it.h
      Source file:   MDK/Templates/Src/main.c
      Include file:  MDK/Templates/Inc/stm32f4xx_hal_conf.h
      Source file:   MDK/Templates_LL/Src/main.c
      Include file:  MDK/Templates_LL/Inc/main.h

   * Component: Keil::Device:STM32Cube HAL:Common@1.8.1
      Include file:  Drivers/STM32F4xx_HAL_Driver/Inc/stm32f4xx_hal.h
      Source file:   Drivers/STM32F4xx_HAL_Driver/Src/stm32f4xx_hal.c

   * Component: Keil::Device:STM32Cube HAL:Cortex@1.8.1
      Source file:   Drivers/STM32F4xx_HAL_Driver/Src/stm32f4xx_hal_cortex.c

   * Component: Keil::Device:STM32Cube HAL:GPIO@1.8.1
      Source file:   Drivers/STM32F4xx_HAL_Driver/Src/stm32f4xx_hal_gpio.c

   * Component: Keil::Device:STM32Cube HAL:PWR@1.8.1
      Source file:   Drivers/STM32F4xx_HAL_Driver/Src/stm32f4xx_hal_pwr.c
      Source file:   Drivers/STM32F4xx_HAL_Driver/Src/stm32f4xx_hal_pwr_ex.c

   * Component: Keil::Device:STM32Cube HAL:RCC@1.8.1
      Source file:   Drivers/STM32F4xx_HAL_Driver/Src/stm32f4xx_hal_rcc.c
      Source file:   Drivers/STM32F4xx_HAL_Driver/Src/stm32f4xx_hal_rcc_ex.c

   * Component: Keil::Device:Startup@2.6.3
      Include file:  Drivers/CMSIS/Device/ST/STM32F4xx/Include/stm32f4xx.h
      Source file:   MDK/Device/Source/ARM/STM32F40xxx_41xxx_OPT.s
      Source file:   MDK/Device/Source/ARM/STM32F4xx_OTP.s
      Source file:   Drivers/CMSIS/Device/ST/STM32F4xx/Source/Templates/arm/startup_stm32f407xx.s
      Source file:   Drivers/CMSIS/Device/ST/STM32F4xx/Source/Templates/system_stm32f4xx.c
Build Time Elapsed:  00:00:01
</pre>
</body>
</html>
